// sixie6e@distherapy 2024
// This will be continually updated as the project progresses, which is almost daily.
// The state with the current most is not the 'worst'. I am populating this list from the README.md sources.
// I will then be sifting through them to cancel out redundant lines matching numbers to names.
// This list is absolutely disgusting. I have to take breaks when reading reports.
// Anyone that flies the Blue Stripe Bandits' gang flag is a severe social threat.
// Guard your loved ones. In addition to this list, police kill 10,000+ family pets ANNUALLY.

Alabama
	Cameroun Tremble(police) - animal cruelty
	Dana Elmore(police) - tased handcuffed man
	Justin Bisharat(police) - domestic strangulation
	Jason Hadaway(detective) - perjury
	Michael Kilgore(police) - planting drugs
	Christopher Dressel(police) - animal cruelty
	John Barton(police) - arrested caller for no id
	Noel Wood(marine officer) - misuse of confidential data
	Johnny Brown(officer) - assault
	Cornelius Robinson - negligent homicide		
	Jerry Cannon(police) - misuse confidential data, drugs
	Justin Barley(chief) - permit drunk driving police to go home
	Kelsey Quesenberry(police) - dv, endangering a child
	Ronald Monroe Jr(police) - agg dv
	Mark Anthony Whalen(police) - dv
	Mac Bailey Marquette(police) - murder
	Joddie Brooke King(parole) - agg child abuse/assault
	Adam Grant Shipley(police) - intox, harassment, abuse of authority
	Randy Ford Sumner(police) - b&e, assault
	Kevin Walter(police) - sexual assault
	Jarrod Webster(police) - rape, sodomy
	Eric Parker(police) - assault
	Joshua Matthew Davidson(police) - kidnapping, sex trafficking
	Ryan Snow(police) - posted protesters in rifle scope
	Josh Hardy(corrections) - stole Pokemon cards
	Horton Owens(police) - child abuse
	Aaron AC Smith(police) - murder
	Christopher Looser(police) - agg assault disfigurement
	Amber Bolt(police) - lied for Christoper Looser
	Mercedes Rugart(police) - dui
	Alfreda Fluker(police) - murder
	Billy Maurice Driggers(chief) - masturbating in front of teens
	Arthur Maudlin(parole) - dui
	Chris Reed(police) - drugs
	Troy Middlebrooks(police) - proposed murdering black man
	Willy Robinson(chief) - defended Troy Middlebrooks
	Deonte Hamner(police) - sodomy at gunpoint
	Carson Hix(police) - dv
	William Squires(police) - sexual assault of a minor
	Jay Steward(police) - dui homicide
	Paul Callegari(police) - beat handcuffed black man
	Matthew Moore(police) - serial, violent sexual assault
	James Kent(police) - excessive force
	Phillip Champion(police) - excessive force
	Gregory Pimm(police) - excessive force
	Ryan Manning(police) - child abuse, dv
	Daniel Chesser(police) - racist k9
	Robert Golden(police) - assault, menacing, harassment
	Christopher Allen Triplett(police) - rape of a minor
	Christopher Eugene Sanspree Jr(police) - swatting
	Ismael Roldan(police) - rape of child
	William Henry Shields(corrections) - animal cruelty
	Michael Jay Lewis(sheriff) - animal cruelty, attempted murder
	Christopher Whalen(police) - manslaughter
	James Fowler(ahp)- manslaughter
	Charles Forbes(police) - murder
	Brandon Shane Mundy(police) - negligent homicide
	Andrew Bass(police) - negligent homicide
	William Darby(police) - murder
	Joshua Jones(corrections) - negligent homicide, assault
	William Todd(corrections) - stole from inmate
	Jesse Cobb(corrections) - beat inmate
	Ryan Phillips(police) - beat inmate
	Quindarius Thagard(corrections) - smuggling
	Corey McClendon(corrections) - smuggling
	Timothy Lee Scarbrough(corrections) - sodomy
	Corey McClendon(corrections) - smuggling
	Andrew Bailey(corrections) - smuggling
	Charlie Townsend(corrections) - smuggling
	Antwan Giles(corrections) - smuggling
	Timothy Robinson(corrections) - corruption
	Akeem Edmonds(corrections) - beat inmate with belt
	Jeffrey Jackson(corrections) - smuggling
	William Patrick(corrections) - smuggling
	Essence Woods(corrections) - smuggling
	Alex Andrews(corrections) - smuggling
	Andrew Taylor Roy(corrections) - smuggling
	John Paul Ketterman(corrections) - smuggling
	Shamarion Dozier(corrections) - smuggling
	Deaundra Johnson(corrections) - bribery
	Centauria Olds(corrections) - bribery
	Vicky White(corrections) - inmate escape
	William Clemons(corrections) - smuggling
	Jonathan Perry Works(police) - rape, sodomy
	Brian Edward Walker(police) - rape, sodomy
	01744N00153(dale sheriff) - agg assault
	04139N03559(birmingham police) - agg assault
	05381N04553(greene sheriff) - agg assault
	06058N05152(leighton police) - agg assault
	07102N06042(birmingham police) - agg assault
	08251N04643(madison police) - agg assault
	09792N08090(tuscaloosa police) - agg sex assault
	12043N10019(birmingham police) - agg assault
	12235N10179(prichard police) - agg assault
	13302N11094(morgan sheriff) - agg assault
	15620N13011(mobile police) - agg assault
	16560N13673(birmingham police) - agg assault
	16715N13797(birmingham police) - agg assault
	21220N17228(citronelle police) - agg assault
	01171N00802(butler chief deputy) - intimidation
	07755N06564(montgomery police) - intimidation
	09675N07990(montgomery police) - intimidation
	10994N09121(montgomery police) - intimidation
	11726N09779(montgomery police) - hit and run
	01471N01276(mobile police) - hit and run
	05764N04881(andalusia police) - sexual assault
	09219N07583(andalusia police) - sexual assault
	13740N11490(ashford police) - sexual violence against, prostitution of unrelated f child
	00798N00144(butler sheriff) - narcotics violations
	00547N02192(montgomery police) - planting evidence, trafficking
	13141N10954(montgomery police) - narcotics violations
	04245N03608(huntsville police) - forged prescriptions
	19813N16143(huntsville police) - planting evidence
	01383N00814(moulton police) - narcotics violations
	01100N02144(birmingham police) - rape, narcotics violations
	09825N08118(birmingham police) - narcotics violations
	01424N01045(fayette police) - forged prescriptions
	04326N03679(mobile police) - shakedowns
	04327N03680(mobile police) - shakedowns
	14384N11997(dothan police) - shakedowns
	05047N04272(russellville police) - narcotics violations
	09463N07790(russell sheriff) - trafficking
	04109N03479(prattville police) - narcotics violations
	07377N06222(flomaton chief) - narcotics violations, theft from evidence room
	11577N09658(bibb sheriff) - sexual violence, narcotics violations
	08668N07132(decatur police) - narcotics violations
	08515N07031(prichard police) - trafficking
	07546N06363(mobile sheriff) - trafficking
	12753N07380(tallassee police) - narcotics violations, agg assault
	10162N08384(winston sheriff) - trafficking
	11487N09573(cherokee police) - narcotics violations, theft from evidence room
	13793N11523(eufala police) - narcotics violations
	14781N12293(lipscomb chief) - narcotics violations, theft from evidence room
	20051N16336(wilcox sheriff) - trafficking weapons/narcotics
	20058N16343(eufala police) - trafficking
	01240N00055(millbrook police) - rape
	00465N01881(montgomery police) - rape of 16 yo m
	11345N09448(dps) - rape
	00918N00950(chickasaw police) - rape of 10 yo f
	04927N04194(birmingham police) - rape
	10039N08251(birmingham police) - rape
	14588N12150(birmingham police) - rape of 14 yo f
	07514N06335(tuskegee police) - rape of 14 yo f & unknown age f
	02696N02241(selma police) - rape of 15 yo f
	02934N02437(tuscaloosa police) - rape
	12629N10531(madison sheriff) - rape of 16 yo f
	04527N03859(tuskegee university police) - rape of 15 yo f
	07108N06048(madison police) - child sex crimes
	05178N04404(university of al police) - rape of 14 yo f
	07060N06005(troy police) - rape of 11 yo f
	16174N07223(prichard police) - rape
	11420N09514(bear creek police) - rape of 6 yo f
	14046N11728(phenix city police) - rape
	15445N12293(lipscomb police chief) - child sex crimes
	15712N13079(lafayette police) - rape
	15872N13200(fairfield police) - rape
	15873N13201(fairfield police) - rape
	16111N13368(hartford police) - rape of 15 yo f
	19476N15883(chilton sheriff) - child sex crimes
	20606N16793(kinston police) - rape of 9 yo f

Alaska
	Joseph Miller(state police) - assault, let dog bite for more than a minute
	Jason Woodruff(state police) - assault, let dog bite for more than a minute
	Scott Boneta(police) - sexual assault(numerous)
	Jonathan Murphy(police) - assault
	Ronald Monroe Jr(police) - agg dv
	Monte LaVelle Chitty(police) - child sexual abuse
	Ethan Copeland(police) - dui in police car
	Andres Ornelas(police) - sexual abuse of teen
	David Bower(police) - assault
	Nimeron Mike(police) - sex crimes
	Jordan Serafin(police) - assault, burglary
	Aaron Pettus(police) - assault of bicyclist
	Matthew Owens(police) - murder
	Anthony Rollins(police) - rape
	Peter Schneider(police) - solicitation of a minor
	Casey Richardson(police) - poisoned wolves
	Ron Hobson(police) - agg assault
	Rafael Mora-Lopez(police) - identity theft
	Garrett Butler(police) - assault
	Peter Lombardo(police) - dui
	Jalonni Blackshear(corrections) - rape of a minor, murder
	Justin Andrews(corrections) - sexual assault
	Adam Spindler(corrections) - smuggling
	Fredrick Fangonilo(corrections) - sexual assault
	Brianna Andrews(corrections) - smuggling
	Bryson Hayes(corrections) - assault
	Steven Manuel(corrections) - smuggling
	Stewart Blakeslee(corrections) - child pornography
	Daryl D Rice(police) - poaching
	11938N09930(emmonak police) - agg assault
	16060N13330(dillingham police) - agg assault
	17568N14431(juneau police) - agg assault
	00290N00357(anchorage police) - rape of 12 yo f
	00016N00873(anchorage police) - rape of 16 yo f
	02999N02495(anchorage police) - impersonation
	04889N04166(anchorage police) - rape(numerous)
	16449N13611(anchorage police) - rape of 14 yo f
	16592N13699(anchorage police) - dui
	16809N13875(anchorage police) - assault
	08200N06838(anchorage police) - oppression
	19245N15691(state police) - dui
	06746N05733(airport police) - prostitution
	08477N07000(bethel police) - alcohol related weapons charges
	02389N01158(state police) - alcohol related weapons charges
	11239N09350(bethel police) - oppression, sexual assault
	11604N09679(bethel police) - assault
	13984N11677(bethel police) - assault
	08913N07319(togiak police) - rape of 16 yo f
	20073N16356(state police) - rape of 16 yo f
	20074N16357(state police) - forged prescriptions
	15253N12695(fairbanks police) - larceny
	20075N16358(north pole police) - obstruction
	06165N05242(juneau police) - rape of 10 yo f
	14407N12015(state police) - rape of 16 yo f, pornography
	15429N12849(state police) - dv
	05887N05000(ketchikan police) - assault on 2 yo f
	09091N07469(kobuk police) - online solicitation of 12 yo f
		
Arizona
	Richard Chrisman(police) - murder
	Germayne Cunningham(detective) - murdered 7 yo f
	Jill Houchens(police) - animal cruelty
	Jesse Wilburn Sr(corrections) - assault family
	Alaa Robert Bartley(police) - child pornography
	Ayden Escarrega(corrections) - beat inmate
	Zachary Hyde(police) - dui, MADD honoree
	Ramon Godoy(corrections) - sexual assault
	David Ellison(police) - dv
	Todd Stevens(police) - manslaughter
	Roszell Mosley(police) - manslaughter
	Andrew Williams(police) - manslaughter
	Anthony Armour(police) - sexual assault
	Sean Pena(police) - sexual assault
	Ben Harris(police) - agg assault deaf black guy w/ cereb palsy
	Kyle Sue(police) - agg assault deaf black guy w/ cereb palsy
	Josh Anderson(police) - fatal hit and run, fleeing the scene
	Tremaine Jackson(dps) - 61 counts sexual violence, kidnapping charges
	Justin Cherry(police) - child sex crimes
	James M Wren(police) - armed robbery, robbery
	Chad Goulding(police) - bank robberies
	Tom Lovejoy(police) - killed k9 partner
	Joe Arpaio(sheriff) - inmate abuse, racial profiling, contempt
	Daniel Albert Coronado(police) - computer tampering
	Amaury Fernandez(police) - unauthorized access
	Jeffrey Streeter(police) - sex crimes
	William Ryberg Jr(police) - fraud
	00455N01588(chandler police) - agg assault
	00500N02023(graham sheriff) - agg assault
	00537N00867(tohono police) - agg assault on 11 yo f
	01007N01618(phoenix police) - agg assault on 14 yo f
	01447N01166(scottsdale police) - agg assault
	01850N00019(dps) - agg assault
	03366N02827(tucson police) - agg assault
	03876N03257(phoenix police) - agg assault
	03990N03365(phoenix police) - agg assault
	06116N05191(phoenix police) - agg assault
	06526N05543(navajo nation) - agg assault
	06563N05572(tucson police) - agg assault, agg assault on 14 yo m
	06868N05835(phoenix police) - agg assault
	07884N06647(maricopa sheriff) - agg assault
	08413N06950(tucson police) - agg assault
	10076N08316(phoenix police) - agg assault
	12899N10763(flagstaff police) - agg assault
	13446N11233(tucson police) - agg assault
	13811N07451(tempe police) - agg assault
	14936N12416(tohono police) - agg assault on child
	15110N12566(cottonwood police) - agg assault
	15869N13197(phoenix police) - agg assault
	15982N13269(phoenix police) - agg assault on a minor
	11180N09295(phoenix police) - hit and run
	00895N00837(navajo nation police) - dui
	13608N11375(navajo nation police) - alcohol related death
	16730N13810(dps) - false reports
	03328N02781(dps) - alcohol related sexual violence
	06189N05263(flagstaff police) - assault
	09479N07806(dps) - assault
	11187N09301(dps) - sex assault on 14 yo f
	13904N11604(dps) - evidence theft
	16283N13474(dps) - larceny
	16419N13586(dps) - intimidation of another officer
	02479N00303(phoenix police) - assault
	00410N01205(phoenix police) - evidence theft
	02870N02386(phoenix police) - evidence theft
	02938N02441(phoenix police) - dui
	02939N02442(phoenix police) - dui
	16091N13352(phoenix police) - rape of 5 yo f
	19497N15899(phoenix police) - drug related dv
	15967N13256(phoenix police) - robbery
	15975N13264(phoenix detective) - false reports, intimidation
	11225N09337(phoenix police) - assault of minor male
	11295N09401(phoenix police) - assault
	11314N09420(phoenix police) - online solicitation of a child, assault
	14801N12307(phoenix police) - evidence theft
	09903N08180(phoenix police) - child sex crimes
	10305N08505(phoenix police) - dui
	10915N09046(phoenix police) - sexual violence
	11224N09337(phoenix police) - assault
	07094N06035(phoenix detective) - rape of 15, and 17 yo m
	07467N06302(phoenix police) - intimidation
	08762N07191(phoenix police) - assault
	09134N07513(phoenix police) - rape of 17 yo f
	09604N07923(phoenix police) - sexual violence
	06450N05480(phoenix police) - assault
	06775N05754(phoenix police) - larceny
	06776N05755(phoenix police) - larceny
	06777N05756(phoenix police) - larceny
	06778N05757(phoenix police) - larceny
	03387N02848(phoenix police) - prostitution
	05254N04451(phoenix detective) - child pornography
	05358N04512(phoenix police) - dui
	09582N07901(chandler police) - dui
	13579N11352(chandler police) - dui
	00484N01886(maricopa sheriff) - rape of 15, and 14 yo f
	03115N02592(maricopa sheriff) - trafficking, laundering
	10104N08340(maricopa sheriff) - trafficking, shakedowns, evidence theft
	10651N08806(maricopa sheriff) - trafficking
	11617N09686(maricopa sheriff) - rape of 14 yo f
	15265N12705(maricopa sheriff) - burglary
	02963N02465(surprise police) - dui
	03020N02512(mesa police) - profit motivated violence f child
	09710N08021(mesa police) - child sex crimes
	11637N09703(mesa police) - murder
	16299N13489(mesa police) - rape of 10 yo m & 9 yo f
	03580N03024(el mirage police) - assault
	04223N03586(tempe police) - sexual assault
	07023N05975(tempe police) - burglary
	09061N07445(tempe detective) - sex crimes
	13809N07451(tempe police) - agg assault, dui, intimidation
	06408N05444(tolleson police) - assault
	06747N05723(peoria police) - intimidation
	15496N12907(peoriapolice) - larceny
	07232N06125(glendale police) - dui
	10307N08507(goodyear detective) - rape of 12 yo f
	11977N09960(salt river police) - rape
	16078N13341(buckeye police) - sexual violence against 8 yo f
	10091N08329(bullhead city police) - rape
	00932N01030(navajo nation police) - nonviolent family offense
	02017N01600(tohono police) - dui
	00377N01025(pima sheriff) - dui
	13072N10893(pima sheriff) - embezzlement
	04922N04190(tucson police) - embezzlement
	16868N13915(pima sheriff) - shoplifting
	19510N15907(pima sheriff) - dui
	00951N01216(tucson police) - narcotics violations
	02420N01678(tucson police) - dui
	03736N03151(tucson police) - dui
	15354N12785(tucson police) - rape
	19612N15977(tucson police) - assault
	19762N16096(tucson police) - dui
	06640N05598(tucson police) - dui
	08771N07199(tucson police) - rape
	11707N09761(tucson police) - NO INFORMATION
	12176N10134(tucson police) - dui
	01833N02047(oro valley police) - destruction of property
	07675N06487(oro valley police) - evidence theft
	03890N03271(marana police) - dui
	05937N05029(south tucson police) - embezzlement
	09144N07522(university az police) - destruction of property
	04317N03673(pinal sheriff) - child pornography
	04736N04032(pinal sheriff) - burglary
	08415N06952(maricopa police) - larceny
	05033N04269(nogales police) - rape of 16 yo f
	05350N04433(nogales police) - rape of 17 yo f
	11931N09925(nogales police) - narcotics violations
	12869N10745(nogales police) - rape of 16 and 19 yo f, burglary
	13374N11166(nogales police) - dui
	16567N13680(santa cruz da) - obstruction
	01659N02189(dps) - rape
	10567N08729(prescott police) - narcotics violations
	19719N16061(yavapai sheriff) - narcotics, weapons violations
	03688N03098(yuma police) - sex crimes, bribery
	04749N04045(yuma police) - evidence theft
	08773N07201(yuma police) - online solicitation of a child
	13572N11345(dps) - rape
	22411N18199(yuma police) - rape of 17 yo f
	03866N03248(somerton police) - larceny
	
	
Arkansas
	Coleman Brackney(police) - murder
	Larry P Norman(state police) - negligent homicide
	Jerri Beyard(police) - animal cruelty
	Jon Crowder(police) - assault of handcuffed person
	Michael Davis(sheriff) - negligent homimcide
	Joseph Harris(police) - agg assault
	Zachary King(sheriff) - agg assault
	Levi White(sheriff) - agg assault
	Thell Riddle(police) - agg assault
	Wayne Sandusky(police) - harboring fugitive
	Jacob Teel(sheriff) - sex crimes
	Colton Crabb(sheriff) - child pornography, sex crimes
	David Cross(sheriff) - child pornography
	Myles Huff(police) - assault, endangering minor
	Joshua Barber(police) - drug distribution
	Jacob Gammel(chief) - theft, perjury
	Elizabeth Roberson(police) - unauthorized access
	Stevon Grindstaff(sheriff) - murder
	Telvin Wilson(police) - child sex trafficking
	Justin Davis(police) - sexual assault
	Roy Mitchell(police) - child sex crimes
	Brad Stewart(police) - agg assault
	Ayrialle Donson(sheriff) - intimidation w/ weapon, agg assault
	Steven Montgomery(police) - agg assault
	03480N02924(clay sheriff) - agg assault
	03856N03238(fayetteville police) - agg assault
	04622N03927(state police) - agg assault
	04659N03969(turrell police) - agg assault
	08193N06845(rogers police) - agg assault
	09319N07675(little rock police) - agg assault
	09510N07836(fort smith police) - agg assault on 5 yo m
	10210N08428(jacksonvillepolice) - agg assault
	10961N09088(earle police) - agg assault
	10979N09106(yell sheriff) - agg assault on 13 yo m
	10980N09107(danville police) - agg assault  on 13 yo m
	13578N11351(pulaski sheriff) - agg assault
	14322N11948(west memphis police) - agg assault
	14797N12303(cherokee police) - agg assault
	01523N01488(ahp) - hit and run, dui
	08781N07209(jackson sheriff) - hit and run, dui
	00029N00829(gentry police) - rape of 16 yo f
	00030N00938(benton sheriff) - child pornography
	00031N01495(elm springs police) - larceny
	00365N00513(benton police) - assault
	00375N01002(pine bluff police) - rape
	00439N01419(state police) - manslaughter
	00855N00583(alexander police) - assault
	01091N02053(ahp) - dui
	01242N00075(fort smith police) - sexual intimidation
	01525N01493(baxter sheriff) - intimidation
	01559N01604(fort smith police) - assault
	02025N01651(fort smith police) - dui
	02684N02234(little rock police) - armed robbery
	02763N02302(west memphis police) - theft
	03435N02884(west memphis police) - child abuse
	03436N02885(west memphis police) - dui
	03515N02957(searcy police) - rape of 16 yo f
	03527N02969(as university police) - disorderly conduct
	03612N03047(helena police) - trafficking
	03613N03048(helena police) - trafficking
	03614N03049(helena police) - trafficking
	03615N03050(marvell police) - trafficking
	03616N03051(phillips sheriff) - trafficking
	03821N03224(little rock police) - assault
	03933N03313(greene sheriff) - theft
	04243N03606(crawford sheriff) - assault
	04437N03792(helena police) - drug related weapons violations
	04449N03800(fayetteville police) - public intoxication
	04835N04125(lowell police) - assault
	04951N04215(rogers police) - rape of 13 yo f
	05064N04299(hempstead sheriff) - rape
	05102N04330(austin police) - rape
	05257N04448(fayetteville police) - child sex crimes
	05335N04501(crossett police) - trafficking, counterfeiting
	05637N04749(as university police) - robbery
	05854N04962(west memphis police) - dui
	06048N05131(bella vista police) - negligent manslaughter
	06214N05295(conway police) - dui
	06299N05339(woodruff sheriff) - trafficking, evidence theft
	06464N05500(cross sheriff) - rape of 13 yo f
	06589N05590(little rock police) - dui
	06925N05904(ozark police) - oppression
	07169N06087(little rock police) - murder
	07590N06404(little rock police) - assault
	07670N06482(alexander police) - murder
	07752N06561(pine bluff police) - burglary
	07797N06606(johnson sheriff) - false reports
	08048N06746(malvern police) - weapons violations
	08215N06825(garland sheriff) - assault
	08364N06915(garland sheriff) - sexual exploitation of a child
	08402N06940(little rock police) - trafficking, drug related weapons violations
	08403N06941(little rock police) - trafficking, drug related weapons violations
	08406N06943(saline sheriff) - assault
	08632N02234(little rock police) - dui
	08750N07179(fort smith police) - rape of 16 yo f
	08828N07250(tuckerman police) - rape
	08907N07313(lead hill police) - evidence theft
	08930N07334(tuckerman police) - evidence theft
	09127N07506(benton police) - rape of 10 yo m
	09197N07563(walnut ridge police) - child porn
	09199N07565(walnut ridge police) - forged prescriptions
	09249N07612(state police) - burglary, evidence theft
	09250N07613(pine bluff police) - rape
	09320N07676(prairie grove police) - intimidation
	09338N07698(trumann police) - narcotics violations, evidence theft
	09339N07699(trumann police) - narcotics violations, evidence theft
	09405N07740(guy police) - solicitation of a 9 yo f
	09459N07786(bull shoals chief) - assault, false reports
	09747N08050(washington sheriff) - rape
	10329N08527(rogers police) - nonviolent family offense
	10522N08688(lake city police) - shoplifting
	11083N09203(dumas police) - trafficking, weapons violations
	11105N09207(haskell police) - child pornography
	11136N09255(lonoke sheriff) - dui
	11172N09288(fort smith police) - prostitution
	11219N09332(conway police) - child pornography
	11226N09338(england police) - assault, false reports
	11302N09408(jefferson sheriff) - false reports
	11452N09540(benton sheriff) - destroying evidence
	11557N09639(little rock police) - assault
	11573N09654(prairie grove police) - dui
	11737N09789(saline sheriff) - dui
	11805N09851(benton sheriff) - child pornography, sexual assault on 16 yo f
	11973N09957(paris police) - child pornography, sexual assault on 11 yo f
	12047N10023(union county sheriff) - child pornography, sexual assault on 9 yo f
	12077N10048(hot springs police) - dui
	12160N10119(pulaski sheriff) - rape
	12302N10242(state police) - sex crimes
	12433N10357(bradford police) - drug equipment violation
	12625N10527(johnson sheriff) - rape
	12795N10682(helena police) - kidnapping
	12808N10690(dallas sheriff) - public intoxication
	12991N07250(tuckerman police) - rape
	13117N10934(hot springs police) - rape of 9 yo f
	13341N11134(drew sheriff) - planting evidence
	13617N11382(marion police) - intimidation
	13687N11444(sebastian sheriff) - trafficking methamphetamine
	13763N11505(white sheriff) - dui
	13815N11536(flippen police) - embezzlement
	13919N11618(arkansas sheriff) - extortion
	13945N11642(benton sheriff) - dui
	13986N11679(bella vista police) - narcotics violations
	13994N11505(white sheriff) - assault, assault
	14010N11698(little rock police) - weapons violations
	14235N11874(garland sheriff) - embezzlement
	14612N12165(faulkner sheriff) - rape
	14784N12296(england police) - rape of a minor f
	14956N12434(little rock police) - assault
	15012N12485(elkins police) - counterfeit
	15102N12558(little rock police) - rape
	15266N12706(state police) - evidence theft
	15280N12719(crawford sheriff) - dui
	15290N12728(farmington police) - assault
	15435N12853(marion police) - theft, destruction of evidence
	15774N13124(little rock police) - intimidation
	15834N13167(newton sheriff) - dui
	16105N13364(washington sheriff)- rape of 10 yo f
	16125N13380(little rock police) - assault
	16144N13390(bono police) - rape of 14 yo f
	16145N13391(bono police) - rape minor m
	16146N13392(bono police) - rape of 16 yo f
	16262N13453(plainview police) - rape of 13 yo f
	16427N13593(baxter sheriff) - rape of 16 yo f
	16622N13727(bentonville police) - assault
	17049N14049(camden police) - dui
	17093N14077(state police) - sexual intimidation
	17099N14082(franklin sheriff) - abuse of prisoners
	17149N14113(little rock police) - assault
	19248N15694(state police) - manslaughter, dui
	19267N15709(jacksonville police) - shakedowns, evidence theft
	19443N15859(faulkner sheriff) - rape of 14 yo f
	19505N15904(fayetteville police) - rapes, burglaries
	19541N15924(marianna police) - rape of 14 yo f by instrumentation
	19856N16181(keiser police) - burglary, narcotics violations
	19997N13124(little rock police) - sexual intimidation
	20088N16367(sebastian constable) - weapons, drugs
	21839N11948(west memphis police) - assault
	
California
	John Swearengin(sheriff) - vehicular homicide
	Johannes Mehserle(police) - murder
	James Best Jr(police) - child sex crimes
	James Council(sheriff) - manslaughter
	Dan Riter(da) - manslaughter
	George Gwaltney(chp) - rape, murder
	Robert Armstrong(sheriff) - murdered pregnant woman
	Craig Peyer(chp) - murder
	Patrick Feaster(police) - murder
	Benny Caluya(sheriff) - sexual assault 14 yo f
	James Roberts III(police) - rape, agg assault
	Andrew Hall(police) - manslaughter
	Andrew Lyons(sheriff) - murder
	Aaron Russell(sheriff) - murder
	Benito Soto(police) - vehicular homicide
	Benjamin Jillson(police) - vehicular homicide
	Juan Reyes(police) - rape, numerous agg assaults
	Michael Robinson(police) - intimidation w/ weapon, child endangerment
	Bryan Cardoso(sheriff) - sexual assault 13 yo f
	David Reeves(police) - robbery, kidnapping, agg assault
	Manuel Ramos(police) - beat homeless man to death, walked free
	Jay Cicinelli(police) - beat homeless man to death, walked free
	Joseph Wolfe(police) - beat homeless man to death, walked free
	Salvador Reynaga Jr(seaside police) - sexual assault x33
	Jeff Stenroos(school police) - faked a shooting
	00118N02015(san francisco police) - rape, agg assault
	00180N02101(san bernardino sheriff) - agg assault
	00190N01460(police) - agg assault
	00731N00645(police) - agg assault
	00748N01460(san diego police) - agg sex assault on 5 yo f
	00820N00320(beaumont police) - agg assault
	00826N00361(los angeles police) - agg assault
	00857N00589(daly city police) - agg assault
	00962N01292(los angeles police) - agg assault on 16 yo m
	01423N01044(chp) - agg assault
	01425N01053(los angeles school) - agg assault
	01608N01824(maywood police) - agg assault
	02043N01737(los angeles sheriff) - agg assault on 8 yo m
	03286N02748(los angeles sheriff) - agg assault
	03566N03004(los angeles police) - agg assault
	04125N03494(citrus heights police) - agg assault
	04337N03690(long beach police) - agg assault
	04513N03847(san diego sheriff) - agg assault
	04763N04058(san bernardino sheriff) - agg assault
	04816N04095(san francisco police) - agg assault
	04847N04133(richmond police) - agg assault
	05070N04305(los angeles sheriff) - rape, agg assault
	05162N04381(oxnard police) - agg assault
	05203N04418(shafter police) - agg assault
	05346N04525(san benito sheriff) - rape, agg assault
	05376N04558(sacramento police) - agg assault
	05442N04596(suisun city police) - agg assault on 7 yo m
	05739N04857(orange county sheriff) - agg assault
	06273N05315(riverside sheriff) - agg assault
	06338N05382(modesto police) - agg assault
	06630N05630(kern sheriff) - agg assault
	06692N05688(san rafael police) - agg assault
	06755N05742(los banos police) - agg assault
	06815N05793(westminster police) - agg assault
	06819N05794(long beach police) - agg assault
	07469N06304(los angeles police) - agg assault
	07538N06358(los angeles sheriff) - agg assault
	07776N06242(los angeles sheriff) - agg assault
	08197N06841(clovis police) - agg assault
	08448N02389(seaside police) - agg sexual assault
	08822N07245(los angeles police) - manslaughter, agg assault
	08882N07293(los angeles sheriff) - agg assault
	09107N07488(santa clara sheriff) - agg assault ui meth
	09146N07524(los angeles police) - rape, agg assault
	00026N01816(tulare sheriff) - child pornography, sexual assault on 2 yo f
	00044N02145(san jose police) - child pornography, sexual assault on 16 yo f
	00067N01501(contra costa sheriff) - child pornography, sexual assault on 3 yo f
	00070N02070(anaheim police) - rape
	00098N00046(oceanside police) - dui
	00102N01211(sacramento police) - murder of 13 yo m
	00191N01969(el cajon police) - sexual intimidation
	00194N00620(los angeles police) - robberies, shakedowns
	00195N00619(long beach police) - robberies, shakedowns
	00196N00550(los angeles sheriff) - robberies, shakedowns
	00209N00690(san jose police) - rape of 1 yo f
	00284N00312(walnut creek detective) - assault w/ weapon x3
	00311N00473(chp) - online solicitaion of 13 yo f
	00336N00645(bakersfield police) - rape of 13 yo f
	00343N00696(chp) - dui
	00351N00798(los angeles police) - dui
	00386N01969(el cajon police) - sexual violence with objects, bribery
	00400N01118(cathedral city police) - rape, rape
	00402N01128(riverside sheriff) - rape by instrumentation, burglary
	00427N01366(oakland police) - assault
	00457N01609(seaside police) - evidence theft
	00467N01936(los angeles sheriff) - murder
	00472N01723(fresno police) - murder
	00481N01833(sutter sheriff) - assault
	00502N02031(oakland police) - kidnapping, rape of 16 yo f
	00536N00774(san diego police) - rape of 17 yo f
	00635N00473(chp) - rape of 10 yo f
	00673N01533(tulare sheriff) - fraud
	00761N02015(san francisco police) - bought liquor for 16 yo f
	00762N02211(san francisco police) - bought liquor for 17 yo f
	00766N02070(anaheim police) - rape, kidnapping
	00781N00015(ventura college police) - dui
	00807N00227(san diego sheriff) - murder
	00811N00269(san leandro police) - sexual assault
	00831N00393(san diego sheriff) - dui
	00838N00474(desert hot springs police) - rape of 7, 13 yo f
	00841N00492(berkeley police) - weapons violations
	00843N00501(riverside police) - fraud
	00854N00567(modesto police) - bought liquor for 17 yo f
	00856N00584(lakeport police) - intimidation
	00862N00634(alhambra police) - rape of 14 yo m
	00865N00656(san francisco police) - sexual oppression
	00906N00904(santa barbara sheriff) - rape of 15 yo f
	00931N01021(riverside sheriff) - dui
	00945N01161(shafter police) - assault on 16 yo m
	00950N01209(chp chief) - dui
	01022N01665(kern sheriff) - oppression
	01106N02204(los angeles police) - planting evidence
	01238N00039(tulare sheriff) - rape
	01253N00114(los angeles police) - fraud
	01285N00338(riverside sheriff) - ;arceny
	01302N00418(hayward police) - sexual violence against 17, 16 yo m
	01349N00661(san francisco police) - child prostitution
	01376N00769(riverside sheriff) - assault w/ weapon
	01410N00936(oakland police) - fraud
	01445N01143(santa clara police) - assault
	01500N01399(lake sheriff) - rape of 14, 15 yo f
	01532N01512(visalia dps) - rape
	01537N01556(santa ana school police) - child pornography
	01585N01681(san jose police) - bought liquor for 18 yo m
	01592N01734(los angeles police) - rape of 17 yo f
	01597N01761(riverside sheriff) - bribery
	01600N01776(kern sheriff) - meth charges
	01637N01999(alameda sheriff) - evidence theft
	01655N02140(orange county sheriff) - burglary, forged prescriptions
	01741N00088(salinas police) - larceny
	01743N00119(pheasanton police) - intimidation
	01757N00301(anaheim police) - assault
	01834N02058(los angeles police) - rape
	01864N00163(chp) - burglary, evidence theft
	01880N00278(los angeles sheriff) - online solicitation of 13 yo f
	01882N00281(orange county sheriff) - intimidation
	01941N00790(sacramento sheriff) - dui
	01957N00978(los angeles police) - larceny
	01960N00990(placer sheriff) - rape of 16, 17 yo f
	01965N01048(narcotics bureau) - narcotics violations
	01974N01140(san bernardino sheriff) - rape x4
	02026N01667(orange county sheriff) - sexual violence x5
	02184N00292(oceanside police) - dui
	02256N01356(los angeles sheriff) - dui
	02275N01688(sacramento sheriff) - dui
	02287N01875(riverside sheriff) - dui
	02289N01877(san bernardino sheriff) - dui
	02313N02194(ucla police) - dui
	02314N01963(sacramento sheriff) - dui
	02315N00252(sacramento sheriff) - dui
	02319N00037(kern sheriff) - dui
	02348N00606(folsom police) - assault
	02370N00820(clearlake police) - weapons
	02372N00889(fresno sheriff) - dui
	02388N01129(san luis obispo sheriff) - dui
	02630N02093(orange county sheriff) - theft of prescriptions
	02706N02251(chp) - murder
	02798N02792(bakersfield police) - prostitution x3
	02873N02389(seaside police) - rape of 17 yo f x5
	02874N02390(woodland police) - dui
	02409N01455(merced police) - dui
	02425N01828(los angeles police) - dui
	02437N02062(bakersfield police) - dui
	02443N02121(chp) - dui
	02456N00018(newport beach police) - dui
	02462N00109(winters police) - dui
	02477N00236(palo alto police) - dui
	02521N00753(modesto police) - dui
	02532N00930(fresno police) - dui
	02579N01487(modesto police) - dui
	02590N01647(stockton police) - dui
	02601N01755(anaheim police) - dui, narcotics charges
	02615N01836(lake sheriff) - dui
	02621N01931(bakersfield police) - dui
	02622N01940(fresno police) - dui
	02627N02072(vacaville police) - dui
	02679N02229(stockton police) - trafficking
	02691N02240(kern sheriff) - larceny
	02702N02247(san francisco police) - larceny
	02744N02283(orange county sheriff) - assault
	02807N02327(doj) - trafficking, shakedowns, evidence theft
	02871N02387(tulare police) - dui
	02876N02392(danville police) - evidence theft
	02877N02393(palm springs police) - assault
	02898N02412(san diego police) - rape x5
	02935N02438(modesto police) - trafficking, shakedowns
	02970N02472(eureka police) - narcotics theft
	03000N02496(san bernardino sheriff)- rape of 16 yo f
	03028N02517(stanislaus sheriff) - murder
	03029N02518(long beach police) - rape of 15 yo f
	03034N02523(san diego police) - dui
	03036N02525(san ramon police) - trafficking, shakedowns, evidence theft
	03054N02542(los angeles police) - larceny
	03060N02548(san diego police) - dui
	03061N02549(san diego police) - assault
	03062N02550(san diego police) - intimidation
	03063N02551(san diego police) - burglary
	03071N02558(san jose police) - dui
	03076N02563(san bernardino sheriff) - rape of 17 yo f
	03081N02566(chp) - dui
	03097N02574(san leandro police) - trafficking
	03104N02581(sacramento police) - false reports
	
	
	
	
Colorado
	James Ashby(police) - stalking, murder
	Adam Lunn(sheriff) - murder
	Daniel Huff(police) - incest
	James OBrien(sheriff) - murder
	Randy Roedema(police) - murder
	Michael Hawkins(police) - child sex crimes, incest
	Kyle Alan Gould(sheriff) - manslaughter
	Andrew Buen(sheriff) - manslaughter
	Ryan Bennie(state police) - failure to intervene
	Brittany Morrow(police) - failure to intervene
	Timothy Collins(police) - failure to intervene
	Christa Lloyd(game warden) - failure to intervene
	Mary Harris(game warden) - failure to intervene
	Kyle Gould(police) - escalated standoff. negligent homicide
	Randy Williams(marshal) - assault
	Levi Braun(police) - unauthorized access
	Richard Norton(police) - child abuse
	Matthew Moore(police) - dv
	Vladimir Zhizhin(police) - stalking, burglary
	Emily Bailey(police) - evidence/paperwork tampering
	Trevor McCourt(police) - pistol whipped suspect
	Jonathan Yelvington(police) - child abuse
	Austin Hopp(police) - elderly abuse
	Daria Jalali(police) - elderly abuse
	Dylan Miller(police) - child sex crimes, kidnapping
	
Connecticut
	Jason Anderson(police) - negligent homicide
	Scott Byron Smith(police) - murder
	David Rivera(police) - animal cruelty, explosives
	William Scribner(police) - murder
	Hector Delgado(police) - sexual assault, stalking
	Brendan Borer(police) - removed tents of homeless
	Peter Zavickas(police) - stalking
	Marcello Confeiteiro(police) - slapped secured person
	Dani Soto(police) - stalking, harassment
	Allen Ganter(police) - assault
	Patrick Hemingway(police) - burglaries
	Brian North(state police) - manslaughter
	Mitchell Paz(state police) - unauthorized access
	Betsy Segui(police) - randy cox paralyzation
	Luis Rivera(police) - randy cox paralyzation
	Jocelyn Lavandier(police) - randy cox paralyzation
	Oscar Diaz(police) - randy cox paralyzation
	Ronald Pressley(police) - randy cox paralyzation
	Christine Burns(police) - covered up hit and run
	Catherine Koeppel(police) - hit and run
	Emmanuel Cordero(police) - risk injury to a minor
	Jonathan Martin(police) - dv
	Christopher Troche(police) - sex crimes
			
Delaware
	Dempsey Walters(state police) - assaulted teens
	Samuel Waters(police) - agg assault
	Jahee White(corrections) - smuggling
	Kyle Linville(police) - intimidation with gun
	Angela Dildy(corrections) -  smuggling
	Michael Coleman(police) - PPP fraud
	William Paskey(police) - interfered w/ alcohol check minors
	Anthony DiGati(state police) - dv
	Joseph Dominic(ate) - smuggling
	Jeffrey Bessinger(sheriff) - theft
	Tyler McAteer(sheriff) - sexual assault
	Jerry Parks(sheriff) - drug distribution
	Anthony Shields(sheriff) - dui

DC
	Reginald Jones(police) - robbery, murder
	Andrew Zabavsky(police) - manslaughter
	Terence Sutton(police) - murder
	Enis Jevric(police) - murder
	Marc Davis(police) - fraud
	Marc Washintgon(police) - production of child pornography
	Shane Lamond(police) - obstruction
	Peter McCauley(police) - eluding, reckless driving, accident w/ injury
	John Bewley(police) - dui
	Brett Parson(police) - child sex crimes
	Curtis Holloway(police) - assault w/ weapon, deprivation of rights
	Andrew Philip Creveling(police) - public urination, assault
	Tyson Rushing(police) - school voyeurism
	Arthur Thompson(police) - drunk on duty
	
	
Florida
	John Rutherford(corrections) - animal cruelty
	Robert Koenig(police) - manslaughter
	James Duckett(police) - rape, murder
	William Lozano(police) - manslaughter
	Nouman K. Raja(police) - murder
	Lee Coel(police) - manslaughter
	Dariel Javier Quiles-Davila(police) - child pornography
	Roland Clarke(corrections) - murder
	Michael Riley Jr(corrections) - murder
	William Jerrels(corrections) - murder
	John Nettles(corrections) - murder
	Jacob Anderson(corrections) - failure to intervene/protect
	Jason Livingston(corrections) - failure to intervene/protect
	John Nyitray(corrections) - failure to intervene/protect
	Aaron Lewis(corrections) - failure to intervene/protect
	John Eberlein(corrections) - failure to intervene/protect
	Richard Flynn(corrections) - failure to intervene/protect
	Steven Potosky(corrections) - failure to intervene/protect
	Daniel Greene(corrections) - failure to intervene/protect
	Royce Givens(corrections) - failure to intervene/protect
	Eddie Duran(sheriff) - manslaughter
	Danny Torres(police) - excessive force
	Peter Delio(police) - beat handcuffed person
	Frederick Lise(detective) - aiding drug trafficking
	Jennifer Ketcham(police) - unauthorized access
	Brian Housend(police) - armed kidnapping, stalking
	Markanthony Fernandez(police) - sex with minors
	John Burgos(sheriff) - sexual assault, false imprisonment
	Alejandro Carmona(sheriff) - solicitation of minors
	Josue Garriga III(sheriff) - sexual exploitation of a minor
	Reginald McKinney(sheriff) - assault, false imprisonment
	Christian Butterfield(police) - destruction of evidence
	Richard Santiesteban(police) - manslaughter
	Rodolfo Miraba(police) - manslaughter
	Jose Mateo(police) - manslaughter
	Leslie Lee(police) - manslaughter
	James Montiel(police) - child pornography
	Stephen Corbin(sheriff) - false imprisonment, prostitution, assault, bribery
	Oxilese Jeannot(sheriff) - fraud
	Jonathan Harding(corrections) - sex w/ inmate, smuggling
	Christopher Pullease(police) - strangulation
	Danny Moore(police) - sex with drunk minor in his home
	Kai Cromer(sheriff) - child pornography
	Andrea Smith(police) - dui
	Zachary Wester(police) - planting evidence, racketeering, false imprisonment
	Andrew Graham(police) - perjury
	Jason Casteel(police) - perjury
	00072N01652(opa locka police) - agg assault
	
Georgia
	290 police arrested for dui in the last 5 years
	Matthew Ainsworth(sheriff) - beat his k9, animal cruelty
	Jason Smith(police) - murder, planting drugs
	Greg Junnier(police) - murder, planting drugs
	Kristina Hambie(police) - vehicular homicide
	Antonio Taharka(police) - manslaughter
	Arthur Telser(police) - murder, planting drugs
	Howard Weems(police) - manslaughter
	Marcus Eberhart(police) - manslaughter
	Jason Kenny(sheriff) - torture, murder
	Robert Olsen(police) - murder
	Kenneth Bishop(police) - agg assault, terrorist threats
	Joshua Wilson(police) - home invasion
	Zachary Wilkerson(police) - dv
	Ray Dexter Ewings(police) - sexual assault
	Miles Bryant(police) - concealing death, falsely reporting crime
	Jordan Sidney(police) - theft
	Carlos Petiote(sheriff) - obstruction
	Shevoy Brown(police) - excessive force

Hawaii
	Mark Kealoha Kaili Jr(police) - assault, burglary
	William Gary(dle) - racial harassment
	William K Keahi(sheriff) - harassment, endangerment
	Eric Mitamura(ccd) - racial harassment
	Alvin Turla(ccd) - racial harassment
	Maria Ah Tou(police) - dui
	Patrick Akana-Klein(police) - dv
	Ming Wang(police) - dv
	Michael Rourke(police) - dv
	Diana Lugo(police) - dv
	Lianne Wolfram(police) - destruction of property
	Derek Hahn(police) - obstruction, conspiracy
	Zachary Pang(police) - theft
	Grandon Costa(police) - falsified paperwork
	Yvette Miura(police) - falsified paperwork
	Eric Hokama(police) - falsified paperwork
	Reynwood Makishi(police) - stalking, unauthorized access
	Blake Oshita(police) - dui
	Imanueli Kotobalavu(police) - evidence tampering
	Sheldon Watts(police) - evidence tampering
	Charles Nakagawa(police) - sexual misconduct, public intox
	Mark Villegas(police) - excessive force
	William Brown(police) - evidence tampering, perjury
	
Idaho
	Gordon Shaw(police) - human trafficking
	Derek Stettler(corrections) - rape of inmate
	Jessica Urban(corrections) - failed to report Stettler
	Bradley Chambers(police) - excessive force
	Ryan Bendawald(police) - sexual assault using authority
	Daniel Howard(state police) - murder
	Saif Sabah Hasan Al Anbagi (parole) - sexual extortion of parolee
	Donald Heida(officer) - agg assault
	Trevor Ranere(sheriff) - child sex crimes
	Matthew Moore(police) - assault, dv
	Casey Hancuff(police) - dui
	Nicholas Hanning(police) - assaults during arrests
	Nick Harris(sheriff) - child sex crimes
	Jarad Webb(police) - prescription fraud

Illinois
	Sean Grayson(sheriff) - murder, told partner not to render aid
	Jason Van Dyke(police) - manslaughter
	William McKinney(police) - manslaughter
	Matt Mitchell(state police) - manslaugher
	John McDonald(police) - murder
	Lewis Lacey(police) - fraud, perjury
	Mark Paglini(police) - child pornography
	Roberto Nieves(chief) - slashed tires of Puerto Ricans
	Jacob Gies(police) - slashed tires of Puerto Ricans
	William Griswold(police) - distribution of child pornography
	Thomas Hatley(state trooper) - child abuse, corporal punishment, dv
	Justin Gaither(police) - beat handcuffed person
	Jerald Sandage(police) - stalking, unauthorized access
	Kyjaun Tate(police) - attempted murder
	DAngelo Silvar(police) - assault
	Korey Giles(police) - home invasion, assault
	Michael Egan(police) - agg dui
	Craig Lancaster(police) - randomly punched 8th grader in the throat
	
Indiana
	Kyle James Vincent(police) - animal cruelty
	Jaydan Vanosdol(police) - child pornography
	James W Bond(police) - solicitation of a minor
	Ryan Kijurna(police) - dv
	Javed Richards(police) - child exploitation
	Kamal Bola(police) - child molestation
	Curtis Doughty(corrections) - beat inmate
	Sinmi Asomuyide(police) - child sex crimes
	Valentin Khazin(police) - false accusations of child abuse
	Derek Bogenschutz(sheriff) - used child crimes profile to stalk
	Chad Armenta(police) - stalking, harassment
	Harlis Hoover(chief) - fraud
	00032N01565(hamilton sheriff) - agg assault on 11yo girl

Iowa
	Mike Tobin(police) - sexual exploitation/sol of minor
	Benjamin Scheveel(police) - assault, stalking, perjury, tax evasion, theft, unauthorized access
	Tyler Breitbach(police) - dv
	Mario Antonio Rocha(corrections) - smuggling
	Juan D Lopez(police) - poss w/ intent
	Payton L Boston(police) - dui
	Walter Pacheco(police) - stalking, turns off bwc
	Benjamin Mehman(police) - intimidation w/ weapon
	Ryan Steinkamp(police) - false arrest, assault
	Brian Minnehan(police) - false arrest, assault
	Bradley Wendt(chief) - fraud, firearms
	Alec Veatch(poliec) - child sex crimes
	Steve Sanchez(police) - dv
	Emilio Puente(police) - beat handcuffed person
	Charles Dailey(police) - dv
	Andrew Denoyer(police) - sexual abuse of a minor
	Colin Boone(police) - excessive force
	Jay Rankin(police) - sexual assault, racial garbage
	Galen Hindt(police) - sexual abuse, extortion, assault
	Jason Eaton(police) - dui, eluding
	Janay Pritchett(police) - dv
	
Kansas
	Gideon Cody(chief) - obstruction, witness tampering
	Adam Vendetti(police) - assault of child
	Russell Patterson Jr(police) - human trafficking, rape
	David Justice(police) - child sex crimes
	Aaron McKie(police) - wire fraud, stole $300000 in donations from anticrime group
	Catherine Dutcher(corrections) - child sex crimes
	Tomad Co(corrections) - sex with inmates
	Logan Runnion(corrections) - child sex trafficking, sexual assault
	Todd W Allen(police) - serial rape
	Grant Cook(police) - child sex crimes, kidnapping
	Victor Heiar(police) - stalking, unauthorized access
	Mark Scheetz(police) - child sex crimes 
	Christopher Rowland(police) - took cash/drugs from evidence locker
	Omar Diosdado(police) - rape
	Roger Golubski(detective) - agg sex abuse, kidnapping
	Christopher Corbit(police) - shoplifting
	Matthew Vander Linden(sheriff) - child sex crimes
	August P Gildehaus(police) - child sex crimes
	Jamel Bradley(sheriff) - sexually assaulted students
	Brock England(police) - child sex crimes

Kentucky
	Joshua Jaynes(police) - false warrant, murder
	Kelly Goodlett(detective) - conspired w/ Jaynes
	Kyle Meany(police) - false warrant, murder
	Brett Hankison(detective) - murder
	Bobby Joe Smith(constable) - murder
	Javar Downs(police) - theft
	Mickey Shawn Stines(sheriff) - murder
	Rachael Curnutte(police) - dui
	*Cameron Wright(state police) - agg assault, perjury
	*Thomas Czartorski(state police) - agg assault w/ weapon, perjury
	Tanner M Abbott(sheriff) - abuse of detainees, forged paperwork
	Shawn Curry(police) - excessive force
	Chad Chiaro(corrections) - smuggling
	Neil Moorman(juvenile corrections) - sex abuse
	Brian Gillis(detective) - did not use bwc
	Shawn Davis(police) - dui
	Jeremy Wright(police) - rape, sexual abuse
	Joseph Ramey(police) - wanton endangerment
	Luis Rodriguez(police) - dui
	Benjamin Walden(police) - rape, sodomy, retaliation, witness tampering
	Jose Soto(juvenile corrections) - smuggling
	Ty Whitaker(police) - terrorist threats
	00019N00435 (newport police) - agg assault
	
	* The state police said its investigation found their officers did not violate standards of conduct
	
Louisiana
	Norris Greenhouse Jr(police) - killed 6 year old
	Derrick Stafford(police) - killed 6 year old
	Joshua Colclough(police) - murder
	Steven Merchant(police) - murder
	Kenneth Bowen(police) - murder
	Robert Gisevius Jr(police) - murder
	Anthony Villavaso II (police) - murder
	Robert Faulcon Jr(police) - murder
	Melvin Williams(police) - murder
	David Warren(police) - murder
	Kory York(police) - murder
	Chris Hollingsworth(police) - murder
	John Clary(police) - murder
	Dakota DeMoss(police) - murder
	Isaiah Gilbert(state police) - dui
	Nicholas LoCicero(sheriff) - rape
	Artellus Bellard(state police) - assault
	Huey Galmiche(state police) - shoplifting
	Brett Dupre(state police) - falsifying paperwork
	Brent Ridder(sheriff) - child pornography
	Michael Satcher II(state police) - home invasion, kidnapping
	Javontrics Murphy(sheriff) - rape
	Kelvin Higginbotham(sheriff) - dv
	Andrew Wheeler(sheriff) - smuggling
	Rodney Vicknair(police) - sexual assault of rape victim
	
Maine
	Addison Cox(police) - beat porcupines to death for snapchat
	Michael Rolerson(police) - beat porcupines to death for snapchat
	Larry Fickett(police) - sexual exploitation of a child
	Chandler Cole(police) - agg forgery, falsifying evidence
	James Walter Best Jr(police) - child sex crimes
	Zahra Munye Abu(police) - assault
	Stephen Easley Jr(police) - agg dv
	Jeffrey Bishop(police) - drug trafficking
	Robert Ireland(corrections) - sexual assault, smuggling
	Jeffrey Linscott(state police) - fentanyl trafficking
	Andre Paradis(state police) - gf dui crash, let her go
	Glenn Lang(sa) - beat handcuffed man
	Tyler Maloon(state police) - covered for Glenn Lang
	Daniel Murray(state police) - impaired w/ minor driving
	Jeff Boudreau(sheriff) - let trumpster that racked slide back and aimed gun at someone go, false arrest, tried to convince pretrial person to skip bail
	David Coflesky(state police) - car theft, dui
	Bryan Creamer(state police) - does not properly investigate
	Robin Parker(state police) - dui
	Daniel Ross(sheriff) - sexual assault, dv
	Brian Smith(sheriff) - dv
	Taylor Reynolds(police) - assault
	Grace Pearson(corrections) - medical abuse
	Gregory Vrooman(state police) - child sex charges
	Andrew Demers(chief of state police) - child sex crimes
	Tom McKenney(game warden) - let man go that intentionally went off road to hit nesting turtles
	Joseph Barnes(chief) - theft
	Corrado Ceccarelli(police) - dv
	Garrett Brosnan(police) - online solicitation of 13 yo f
	Andrew Belisle(police) - rape of 14 yo f
	Bradley Scovil(sheriff) - bribery, corruption, fraud
	Derrick Doucette(sheriff) - bribery, corruption, fraud
	Kayla Alves(ada) - evidence tampering
	Kevin Lemay(police) - destroying evidence
	James McLamb(sheriff) - destroying evidence, conspiracy
	Samuel Davidson(corrections) - dui
	Steve Goozey(police) - rape of f under 12
	Christopher Crout(police) - assault
	Roger Lanoie(corrections) - suspended license, crashed ptv
	Todd Goodwin(police) - dv
	Edward Hastings IV(police) - killed cow moose
	Brandon Bezio(marine patrol) - dui
	02293N01945(auburn police) - dui
	06593N05595(lewiston police) - assault, trespass
	01766N00522(caribou police) - dui
	00436N01408(portland police) - assault
	04186N03385(portland police) - assault, public intox
	05374N04539(portland police) - assault
	14004N11692(portland police) - assault
	10747N08896(cumberland sheriff) - assault
	12050N10026(brunswick police) - sexual violence 14 yo f
	09004N07397(farmington police) - assault
	13655N11417(umaine police) - dui
	15736N13101(carrabassett police) - assault
	07660N06472(ellsworthpolice) - assault
	16065N13335(state police) - assault on 12 yo f
	07934N06686(clinton police) - assault on 16 yo f
	07935N06687(clinton police) - assault on 15 yo f
	10909N09041(thomaston police) - dui
	11885N09884(thomaston police) - destroying evidence
	13264N11057(marine patrol) - dui, assault
	12439N10363(lincoln sheriff) - rape of 15, 14, and 6 yo f
	05949N05046(fryeburg police) - intimidation of spouse
	00986N01462(bangor police) - destruction of property
	07285N06165(bangor police) - dui
	08582N07085(brewer police) - dui
	12974N10819(old town police) - evidence theft
	16306N13495(sagadahoc sheriff) - agg assault
	14941N12421(skowhegan police) - assault
	01889N00362(state police) - weapons charges
	21488N17461(passamaquoddy chief) - wildlife crime
	02276N01699(kennebunk police) - dui
	03477N02921(kittery police) - assault
	04841N04131(eliot police) - intimidation of spouse
	09571N07873(kennebunkport police) - assault
	11078N09220(saco police) - dui	
	
Maryland
	Robert Warrington(police) - attempted murder
	David Acosta(police) - animal cruelty(his k9)
	Ryan Christopher Hall(detective) - child sex crimes
	Nicholas Blendy(sheriff) - dui
	Ronald S Bateman(sheriff) - dv
	Larry Tucker(police) - child sex crimes 16 counts
	Chuck Jenkins(sheriff) - falsifying paperwork
	Kyle Thomas(sheriff) - harassment, sexts, intimidation
	Ehren Fluellyn(special police) - assault
	Anthony Westerman(police) - rape
	Robert Warrington(police) - attempted murder
	Sierra Alston(police) - car thefts
	Eli Winston(police) - assault
	Justin Lee(police) - smoke bomb Jan 6
	Philip Dupree(police) - assault, dep civil rights
	Charles Williams Jr(police) - assault
	Duaner Hill(state police) - dui
	Jason Dyott(police) - sexual misconduct
	Andrew Salenieks(police) - assault
	Steven Abreu(sheriff) - rape
	Ryan Macklin(police) - rape
	Stephen Downey(police) - beat handcuffed man
	Danny Rauschkolb(police) - dv
	Bey Dominick(police) - drug trafficking
	Michael Owen Jr(police) - murder
	Marcel Drouin(state police) - stole gasoline
	
Massachusetts
	Stuart Merry(police) - negligent homicide
	James Hall(police) - manslaughter 
	Nick Cocchi(sheriff) - dui
	Matthew B Marshall(police) - child pornography
	Matthew Farwell(police) - murder pregnant woman
	James Doran(state police) - dui
	Richard Evans(police) - fraud
	Dylan Knox(state police) - dv
	Jennifer de los Santos(police) - assault
	Richard Whelan(state police) - dv
	Sean Flaherty(police) - assault
	Marc Correia(police) - dv
	Duane Danforth(police) - assault
	Miranda Caldwell(police) - drugs, guns
	Gary Cederquist(state police) - bribery, conspiracy
	Joel Rogers(state police) - bribery, conspiracy
	Calvin Butner(state police) - bribery, conspiracy
	Perry Mendes(state police) - bribery, conspiracy
	Matthew Morrissey(police) - witness intimidation, harassment
	Joseph Silva(state police) - sexual assault
	
Michigan
	Kenneth Bluew(police) - murdered pregnant woman
	Larry Nevers(police) - murder
	Walter Budzyn(police) - murder
	Mark Bessner(state police) - manslaughter
	Jonathan Debczak(police) - assault w/ weapon, dui, dv
	James Sribniak(police) - used k9 to maul
	Jack Currie(police) - used k9 to maul
	Matthew Rodriguez(police) - beat inmate
	Brian Keely(state police) - murder
	Jeffrey Morningstar(police) - child sex crimes
	Amanda Szymanski(police) - covered up traffic crash
	Christopher Schurr(police) - murder
	Ryan Dornbos(police) - child sex crimes
	Jamonte Horton(sheriff) - failure to investigate sex crimes, homemade pornography 
	Joseph Ashley(police) - sexting after traffic stop
	
Minnesota
	Robert leroy Nelson(state police) - rape, torture, murder
	Mohamed Noor(police) -  murder
	Derek Chauvin(police) - murder
	Thomas Lane(police) - murder
	J Alexander Kueng(police) - murder
	Tou Thao(police) - murder
	Kim Potter(police) - murder
	Brian Cummings(police) - vehicular homicide
	
Mississippi
	Anthony Fox(police) - murder
	Christian Dedmon(sheriff) - torture
	Brett McAlpin(sheriff) - torture
	Hunter Elward(sheriff) - torture
	Jeffrey Middleton(sheriff) - torture
	Daniel Opdyke(sheriff) - torture
	Joshua Hartfield(police) - torture
	Michael Christian Green(police) - forced inmate to drink urine(filmed it)
	Adrian Durr(sheriff) - beat handcuffed person
	Hosie Porter(police) - rape, sexual assault
	
Missouri
	Anthony Piercy(mhp) - negligent homicide
	Brian Massa(police) - manslaughter
	Andrew Ringeisen(police) - manslaughter
	Daniel Zeigler(police) - animal cruelty
	Myron Woodson(police) - animal cruelty
	Andria Heese(police) - vehicular manslaughter
	Nathaniel Hendren(police) - murder
	Eric DeValkenaere(police) - murder, planting evidence
	Tequiza V Johnson(police) - murder
	
Montana
	Jefferey Allen Gregorie(sheriff) - abuse of inmates, prostitution, evidence tampering
	Justin Christopher Andrews(corrections) - sex with inmate
	Matthew Timm(police) - child sex crimes
	Frank Dahlquist(chief) - Jan 6_
	Hossein Cristiano Luigi Borhan(police) - child sex crimes
	Scott Patrick Elliott(corrections) - money laundering, drug dist
	
Nebraska
	Bruce Neal(sheriff) - sexual assault
	Christopher Groth(police) - child pornography
	Abbey Fielder(corrections) - sex with inmate
	Laura Schluckbier(corrections) - sex with inmate
	Nicole Carter(corrections) - sex with inmate
	Anthony Chisano(police) - stalking, intrusion
	Casey Hurlburt(sheriff) - ins fraud
	
Nevada
	Joshua Corcran(state police) - murder
	Harvey Velazquez(police) - child sex crimes
	Jacob Fisher(state police) - dui, reckless speeds
	Kevin Menon(police) - fake arrests, ordered officers to lie
	LaWayne Hardiman(corrections) - smuggling
	Caleb Mitchell Rogers(police) - robbery
	Kevin Bonilla(gov sec) - dui
	
New Hampshire
	Matthew Millar(corrections) - murder
	Michael MacNeilly(police) - assault, dv, stalking
	Benjamin Sargent(chief) - official oppression
	Bryan Croft(police) - assault, witness tampering
	Anna Doherty(police) - dui
	Penny McIntyre(corrections) - sex with inmate
	Aaron Goodwin(police) - racially motivated assault
	
New Jersey
	Jovanny Crespo(police) - murder
	Kevin Ruditsky(police) - stalking teenage girls
	Patrick J OKane(corrections) - agg assault, dv
	Jeury DeJesus-Rodriguez(police) - shoplifting
	John DeSalvo(corrections) - wire fraud
	Eudy Ramos(police) - robbery, falsifying evidence
	Jonathan Bustios(police) - robbery, falsifying evidence
	Matthew Torres(police) - robbery, falsifying evidence
	
New Mexico
	Billy Anders(sheriff) - manslaughter
	Joseph Mantelli(police) - murder
	Jordan Hernandez(police) - dui
	Kevin Keiner(state police) - rape
	Sammy Clouthier(state police) - child pornography
	David Neal(state police) - fraud
	Corey Saffell(police) - bodily inj w/ weapon
	Ceasar Mendoza(police) - bodily inj w/ weapon
	Robert Embly(police) - bodily inj w/ weapon
	Jeremy Navarez(police) - animal cruelty, assault
	Ronald Jackson(state police) - rape of a minor
	Angelo Vega(chief) - trafficking firearms
	
New York
	Brian Conroy(police) - murder
	Thomas Ryan(police) - murder
	Jonas Bright(police) - murder
	Paolo Colecchia(police) - murder
	Peter Liang(police) - murder	
	Rebecca Hillman(corrections) - negligent homicide
	Hugh Tran(police) - attempted murder, agg assault
	
North Carolina
	Phillip Barker(police) - manslaughter
	Jesse Santifort (police) - murder
	Dylen Lineberger(police) - harassment
	Rayshawn Taylor(police) - kidnapping, sex crimes
	Brian Gerber(police) - fraud
	
North Dakota
	Jonas Duncan(police) - racial profiling
	Paul Bradley Meagher(police) - child pornography
	George Huff(police) - agg assault
	Lindrith Tsoodle(police) - beat handcuffed person
Ohio
	Adam Coy(police) - murder
	Jeffrey Hodge(police) - murder
	Cecil Morrison(police) - negligent homicide
	Adrian Wilson(police) - let k9 maul
	Connor Grubb(police) - murder pregnant woman
	Nicholas Duty(police) - turned off bwc w/ women
	Shawn Willard(police) - assault
	Geoffrey Parker(police) - child pornography
	John Castillo(police) - drug trafficking
	Joel Mefford(police) - drug trafficking
	David Pearson(police) - negligent homicide
	00034N00585(cincinatti police) - agg assault
	
Oklahoma
	Steven Cugini(police) - raped 13 month old
	Jeffrey Frisbie(police) - child sex crimes
	Ryan Stark(police) - rape, kidnapping, strangulation
	Keith Sweeney(police) - murder
	Dshaunn Dixon(corrections) - rape
	Randy Trent Harrison(police) - murder
	Paul Bradley Rogers(police) - killed 5 year old
	William Golden(police) - animal cruelty
	Robert Charles Bates(sheriff) - murder
	Brandon Dingman(police) - murder
	Timothy Peek(police) - animal cruelty
	Joshua Taylor(police) - murder
	Daniel Holtzclaw(police) - rape
	Jeffrey Smith(police) - sexual assault
	Cody Fitzgerald(police) - animal cruelty
	Kayla Barnes(police) - animal cruelty
	James Matthew Waltman(police) - rape by instrumentation
	Bryant Holloway(police) - fraud
	Joel median(police) - extortion
	Bob Colbert(sheriff) - extortion
	Jeffrey Gragg(sheriff) - extortion
	Nicholas ONeal(sheriff) - dui
	David Poole(tulsa sheriff) - assault, child endangerment, false reports
	Daniel Gulley(tulsa sheriff) assault, child endangerment, false reports
	
Oregon
	Joshua West(police) - dv strangulation
	Walter Leroy Harper III(police) - sex crimes
	Scott Groshong(police) - assault
	Darke Hull(police) - sex abuse, harassment
	Andrew Johnson(police) - intimidation with gun

Pennsylvania
	Steven Homanko(police) - vehicular homicide
	Matthew J Hinkel(police) - manslaughter
	Scott Charles Cameron(police) - murder
	John Whiteside(police) - murder
	Marcus Giardino(police) - murder
	John Charmo(police) - murder
	Jonathan DePrenda(police) - vehicular manslaughter
	Eric Ruch(police) - manslaughter
	Brian Devaney(police) - manslaughter
	Sean Dolan(police) - manslaughter
	Devon Smith(police) - manslaughter
	Edsaul Mendoza(police) - murder
	
Rhode Island
	Joseph Warzycha(police) - manslaughter
	Alexander Caraballo(police) - obstruction
	Seth Crosby(corrections) - child pornography
	Shane Lynch(police) - urinated on woman
	Britton Kelly(police) - assault
	
South Carolina
	Justin Craven(police) - murder
	Richard Combs(police) - murder
	Michael Slager(police) - murder
	Stephen Flood(sheriff) - vehicular homicide
	Jamel Bradley(high school officer) - sexual predator
	
South Dakota
	Jeremiah Erickson(police) - dui
	Luke John Schauer(police) - child pornography
	Matthew Alan Jock(police) - child pornography
	
Tennessee
	Paul Carrier(police) - reckless homicide
	Desmond Mills(police) - murder, kidnapping
	Emmitt Martin(police) - murder, kidnapping
	Tadarrius Bean(police) - murder, kidnapping
	Demetrius Hale(police) - murder, kidnapping
	Justin Smith(police) - murder, kidnapping
	Mike Holmes(sheriff) - manslaughter
	Andrew Delke(police) - murder
	Sean Herman(police) - onlyfans
	
Texas
	Matthew Luckhurst(police) - gave homeless person feces sandwich
	Jason Blackwelder(police) - manslaughter
	Teddie Whitefield(police) - dui, homicide
	Arthur Carbonneau(police) - negligent homicide
	Darrell Cain(police) - murder of child
	Stephen Orlando(police) - murder
	Terry Danson(police) - murder
	Joseph Kent McGowen(sheriff) - fake warrant, murder
	Roy Oliver(police) - murder
	Bau Tran(police) - murder
	Gerald Goines(police) - fake warrant, murder
	Aaron Dean(police) - murder
	00040N00961(austin police) - agg assault
	00057N01985(el paso sheriff) - agg assault on 8 yo girl
	
Utah
	Joseph Corbett(police) - manslaughter
	Colton Johansen(police) - sexual exploitation of minors
	Cody Alan Rutledge(corrections) - forced sodomy
	Seth Hendrickson(chief) - heroin possession
	00140N01411(odem dps) - rape
	00470N01708(dps) - embezzlement
	00795N00111(salt lake city police) - assault
	01297N00388(taylorsville police) - manslaughter
	01615N01880(centerville police) - agg assault on 5 yo f
	02377N00948(ogden police) - dui
	02658N01324(syracuse police) - dui
	02793N02788(emery sheriff) - rape
	02881N02397(south ogden police) - rape of 14 yo f
	02904N02414(salt lake sheriff) - atm/credit card fraud
	03228N02694(unified police) - atm/credit card fraud
	03372N02833(draper police) - narcotics violations
	03474N02918(west valley police) - online solicitation of a child
	03611N03046(perry police) - bribery
	04177N03534(hurricane police) - rape
	04718N04002(ogden police) - rape of minor f
	05107N04335(emery sheriff) - burglary, narcotics
	05450N04614(west valley police) - assault
	05451N04615(dps) - agg assault
	05646N04773(west jordan police) - rape by instrumentation
	06065N05148(vernal police) - assault
	06133N05206(sandy police) - larceny
	06208N05279(moab police) - burglary
	06226N05291(west jordan police) - heroin/cocaine trafficking
	06550N05561(provo police) - agg assault
	06606N05620(provo police) - rape
	06614N05628(farmington police) - prostitution
	06772N05760(provo police) - shakedowns, narcotics
	07717N06527(unified police) - intimidation
	08210N06830(park city police) - evidence theft
	08421N06958(west valley police) - shakedowns, narcotics
	08432N06968(grand sheriff) - agg assault
	08547N07054(unified police) - shakedowns
	
Vermont
	George Johnson(police) - agg assault
	Jakob Oliver(police) - dv
	David Orvis(corrections) - smuggling
	Ryan Wood(state police) - assault
	Zachary Trocki(state police) - assault
	Michael Lowe(vergennes chief) - dui, oxy, meth, embezzlement, prescription fraud
	00395N01087(springfield police) - impersonation
	02664N02216(hinesberg police) - assault
	02747N02286(barre police) - burglary w/ violence
	03368N02829(winooski police) - dui
	05382N04552(essex police) - assault
	06690N05678(rutland police) - false reports, sex related
	07502N06327(state police) - oppression
	07663N06475(bennington sheriff) - assault
	08281N06869(state police) - rape of 14 yo f
	08587N02829(winooski police) - agg assault
	09003N07396(burlington police) - dui
	09430N07796(colchester police) - dui
	09490N07817(bennington sheriff) - trafficking, counterfeiting
	10153N08376(colchester police) - trafficking, evidence theft
	10446N08618(woodstock police) - agg assault
	10529N08694(rutland police) - dui
	10560N08722(south burlington police) - dui
	10680N08834(burlington police) - child abuse
	10940N09069(burlington police) - agg assault on 74 yo f
	10990N09117(windsor sheriff) - agg assault
	11279N09388(williston police) - dui
	11306N09412(burlington police) - assault
	11408N09504(state police) - dui
	13520N11296(burlington police) - false reports
	13593N11360(royalton police) - shakedowns, evidence theft
	14401N12010(barre police) - prostitution
	16168N13410(windsor sheriff) - rape of 9, 13 yo f
	16875N09069(burlington police) - dui w fatality
	16979N13992(st albans police) - assault
	18568N15193(state police) - agg assault
	

Virginia
	Adam D Torres(police) - murder
	Daniel Harmon Wright(police) - murder
	Derek Folston(police) - manslaughter
	Richard Chinappi III(police) - animal cruelty
	Stephen Rankin(police) - murder
	Albin Pearson(police) - murder
	Richard Daniel Johnson(police) - vehicular homicide
	Darren H Roberts(state police) - kidnapping, sexual assault, dv
	
Washington
	Karl Thompson(police) - murder, false reports
	Mathias Bachmeier(sheriff) - murder
	Pat Whalen(police) - manslaughter
	WF Stephenson(police) - manslaughter
	Fred Paschal(police) - manslaughter
	Jeffrey Nelson(police) - murder
	Marcus Laytham(chief) - intimidation of 10 yo autistic child
	Daniel Auderer(police) - joked about Kandula
	Burton Hill(police) - sexist and racial slurs
	Robert Anderson(police) - beat handcuffed person
	00001N00469(king sheriff) - rape, vpo
	00266N00174(kennewick police) - agg assault
	00429N01372(seattle police) - dui
	00880N00730(tacoma police) - rape of 9 yo m, 4, 8 yo f
	00963N01297(des moines police) - assault
	01252N00112(spokane detective) - dui
	01266N00202(seattle police) - assault
	01332N00582(yakima sheriff) - dui
	01332N00582(spokane detective) - agg assault
	01516N01444(spokane police) - agg assault
	01632N01992(state police) - rape
	01760N00344(walla walla police) - rape of 15 yo f
	01804N01315(seattle police) - intimidation
	01911N00576(ocean shores police) - assault on 17 yo f
	01963N01006(okanogan police) - dui
	02085N02156(federal way police) - rape of 17 yo f
	02183N00261(pacific police) - dui
	02401N01323(yakima opolice) - dui
	02459N00035(tacoma police) - dui
	02471N00207(kitsap sheriff) - dui
	02481N00339(state police) - dui
	02538N01008(spokane sheriff) - dui
	02777N02311(spokane police) - obstruction
	02864N02380(king sheriff detective) - evidence theft, false reports
	02944N02447(spokane sheriff) - dui
	02957N02460(seattle police) - assault on 17 yo m
	02982N01372(seattle police) - dui
	03002N02498(snohomish police) - assault
	03247N02714(seattle police) - assault
	03521N02963(dupont police) - dui
	03545N01372(seattle police) - agg assault
	03600N03038(seattle police) - assault
	03636N03066(seattle police) - dui
	03861N03243(seattle police) - shakedowns, evidence theft
	03979N03354(pierce sheriff) - assault
	04045N03426(lakewood police) - dui
	04141N03503(mountlake terrace police) - false reports
	04233N03596(forks police) - rape of 12 yo f
	04241N03604(yakima police) - robbery
	04516N03850(everett police) - murder
	04585N03956(lakewood police) - wire fraud
	04620N03925(west richland police) - assault
	04633N03936(king sheriff) - assault
	04742N04038(seattle police) - dui
	04814N04093(lacey police) - false reports, narcotics violations
	04834N04124(east wenatchee police) - assault
	04863N04151(quincy police) - assault
	04950N04196(medina police) - sexual oppression
	04963N04220(snohomish sheriff) - assault
	04989N04243(king sheriff) - assault on 15 yo f
	
West Virginia
	Jack Ice(chief) - assaulted cyclist
	Aaron Roop(chief) - violence w/ weapons
	Brandon Tagayun(police) - murder
	Travis Snuffer(chief) - animal cruelty
	Marcus Dudley(police) - abused, killed k9 partner
	James Bennett(corrections) - sexual abuse
	Patrick J Hoder(sheriff) - child pornography
	David W Cole(corrections) - arson
	Seth Cook(state police) - tried to kill harmless dog, arrested woman that protected it
	CR Smithers(state police) - failure to intervene
	William Townsend(police) - stalking
	Jospeh Comer(police) - strangulation
	Chris Kendall(police) - dv
	Jason M McCune(sheriff) - child sex crimes
	Christopher Erickson(corrections) - child pornography
	Cody Mayle(police) - false arrest and imprisonment
	Nathan Lanham(police) - agg assault, intimidation w/ weapon
	Everett Maynard(police) - excessive force
	Daniel Higgenbotham(police) - perjury, false arrest and imprisonment
	Kaja Tenney(state police) - agg dui
	Marshall OConnor(police) - dui
	Michael Kennedy(state police) - agg assault of teenager
	Derek Walker(state police) - agg assault of teenager
	Austin Ennis(sheriff) - failure to intervene
	Chris Merson(sheriff) - failure to intervene
	RA Evick(state police) - distribution of child pornography
	Chase Waugh(police) - destruction of property
	Todd Hannah(police) - agg assault, false arrest, turned off bwc
	Matthew A Leavitt(police) - beat man with slapjack, harassed his wife, 20+ illegal searches & arrests, all racially motivated, kept african american male database on his computer
	Jerry Bowman(chief deputy) - falsifying ballots
	Robert E Shirley(chief deputy) - deprivation of rights, beat prisoner, false reports about it
	00107N00543(mcmechen police) - rape of 16 yo f
	00424N01344(weirton police) - dui
	00539N01485(charleston police) - assault
	00570N00980(marion sheriff) - intimidation
	00661N01171(mount hope police) - rape, burglary, extortion
	00726N00543(mcmechen police) - incest, child abuse
	01299N00402(belle police) - assault
	01321N00516(charleston police) - assault
	01823N01744(greenbrier sheriff) - assault
	02449N02188(wheeling police) - dui
	02842N02361(mason sheriff) - vpo, destruction of property
	02883N02399(princeton police) - sexual assault of 17 yo m, bribery
	03687N03097(mcdowell sheriff) - agg assault, narcotics
	03725N03133(mason sheriff) - assault
	03813N03217(shinnston police) - burglary, trafficking, shakedowns
	03814N03218(shinnston police) - counterfeiting
	03815N03219(wheeling police) - rape x2
	03872N03253(princeton police) - evidence theft
	04171N03528(pocahontas sheriff) - violence w/ weapons
	04755N04051(charleston police) - online solicitation of a child
	04926N04193(hurricane police) - hit and run
	05170N04398(charleston police) - fraud
	05199N04422(martinsburg police) - assault
	05222N03133(mason sheriff) - atm/credit card fraud
	05342N04529(dunbar police) - assault
	05638N04755(charkleston police) - negligent manslaughter
	05697N04792(charleston police) - fraud
	05698N04791(charleston police) - fraud
	05699N04790(charleston police) - fraud
	05707N04846(glasgow police) - trafficking
	05931N05035(wood sheriff) - narcotics violations
	06349N05392(bluefield police) - agg assault
	06622N05636(charleston police) - intimidation
	06734N05722(new martinsville police) - intimidation
	06760N05747(concord university police) - rape of 15 yo f
	07216N06115(mason sheriff) - violence w/ weapons
	07591N06405(charleston police) - dui
	07836N06639(shinnston police) - shakedowns, narcotics violations
	07894N06658(shinnston police) - larceny
	07912N06674(mason sheriff) - atm/credit card fraud
	08005N06729(ripley police) - child sex crimes
	08186N06851(williamson police) - dui
	08371N05636(charleston police) - assault
	08534N05035(wood sheriff) - assault
	08598N07098(clay sheriff) - wiretapping
	08636N07115(glasgow police) - trafficking
	08719N07156(beckley police) - assault
	09168N07543(richwood police) - burglary, trafficking, evidence theft
	09841N08127(harpers ferry police) - dui
	09877N08157(princeton police) - assault
	10268N08470(oak hill police) - intimidation
	10286N08488(welch police) - sexual intimidation
	10332N08530(moundsville police) - rape of 15 yo f
	10549N08711(wheeling police) - assault
	11263N09373(mount hope police) - assault
	11286N09393(paden city police) - assault
	11703N09759(hancock sheriff) - dui
	11994N09976(farmington police) - rape, bribery
	12183N10138(mount hope police) - intimidation
	12332N10269(raleigh sheriff) - narcotics violations
	12456N10375(hancock sheriff) - obstruction
	12651N10553(berkeley sheriff) - online solicitation of a child
	12715N10608(spencer police) - evidence theft, narcotics violations
	13008N10839(berkeley sheriff) - fraud
	13263N11056(berkeley sheriff) - dui
	13390N11183(nitro police) - violence w/ weapons
	13527N11303(bluefield police) - dui
	13693N11450(princeton police) - assault
	13765N11507(nitro police) - assault
	14053N11735(mason sheriff) - dui
	14144N11803(charleston police) - negligent manslaughter, assault
	14350N11973(mullens police) - child pornography
	14853N12351(wheeling police) - agg assault
	14880N12374(charleston police) - agg assault on 2, 5 yo m
	15288N12726(martinsburg police) - sexual assault
	15405N12826(charleston police) - assault
	15468N12880(pratt police) - dui
	15608N13000(state police) - assault on 16 yo m
	15725N13091(bethlehem police) - intimidation
	15894N13218(beckley police) - assault
	16455N13617(ripley police) - sexual assault, intimidation of 16 yo f
	16472N13631(pocahontas sheriff) - rape of 16, 15 yo f(numerous counts)
	16588N13695(harrison sheriff) - planting evidence, evidence theft, false reports
	16589N13696(harrison sheriff) - false reports
	19406N15828(mercer sheriff) - trafficking
	19451N15862(summersville police) - sexual assault 17 yo f
	19714N16059(kermit police) - violence w/ weapons against children
	20363N11450(princeton police) - child abuse
	
Wisconsin
	Thomas Grady(police) - murder
	John Mueller(police) - murder
	Steven Rosales(high school police) - bestiality, child sex crimes
	Joel Streicher(sheriff) - vehicular homicide
	Randy Hepp(warden) - inmate deaths
	Makayla Mitchell(corrections) - sex w/ inmate
	Timothy Buckley(corrections) - sex w/ inmate
	Evan White(youth corrections) - assaulted female inmate
	Weston Rolbiecki(corrections) - assaulted inmate
	William Homan(corrections) - bribery
	Dominique Heaggan-Brown(police) - sexual assault, homicide
	Dimitri A Kamolov(high school police) - filming student changing clothes
	Frank Williams(police) - choked, beat 7 yo girl
	Mark Wagner(dci) - shot unarmed man in the back
	Nathan Peskie(dci) - shot unarmed man in the back
	Kyle Strands(police) - dui w/ child injury
	Greg Swanson(police) - dui w death of infant
	Doug Pettit(oregon police chief) - tax evasion
	Brad Young(waupun police) - 59 burglaries
	00011N00883(sheboygan falls) - assault
	00138N01443(milwaukee police) - disorderly conduct w/ violence
	00156N00147(south milwaukee police) - rape of 12 yo f
	00193N02107(milwaukee police) - child abuse, dui, destruction of property
	00203N01448(franklin police) - dui
	00208N00946(milwaukee police) - rape
	00382N01069(milwaukee police) - assault
	00384N01079(beloit police) - disorderly conduct w/ violence
	00385N01080(milwaukee sheriff) - disorderly conduct w/ violence
	00397N01101(milwaukee sheriff) - hit and run
	00401N01124(milwaukee police) - rape x3
	00435N01400(freedom police) - intimidation
	00479N01822(milwaukee police) - assault
	00512N02106(milwaukee police) - bribery
	00513N02117(milwaukee police) - trafficking
	00255N00081(milwaukee police) - agg assault, civ
	01125N01465(milwaukee police) - agg assault, civ
	00554N00116(milwaukee police) - agg assault, civ
	00555N01235(milwaukee police) - agg assault, civ
	00556N01882(milwaukee police) - agg assault, civ
	01126N01125(milwaukee police) - agg assault, civ
	00631N00274(milwaukee police) - assault
	00644N00745(milwaukee police) - murder
	00679N01608(dane sheriff) - child pornography
	00702N00274(milwaukee police) - assault
	00834N00411(minocqua police) - child pornography
	00926N00997(milwaukee police) - rape
	00948N01200(milwaukee police) - rape of 16 yo m
	01041N01747(kenosha sheriff) - rape
	01073N01946(monroe sheriff) - larceny
	01127N01932(milwaukee police) - obstruction
	01231N00012(milwaukee police) - sex crimes
	01237N00030(lisbon police) - oppression
	01245N00083(milwaukee police) - impersonation
	01270N00237(bloomer police) - disorderly conduct w/ violence
	01305N00424(milwaukee police) - fraud
	01342N00636(evansville police) - liquor law violations
	01411N00931(milwaukee police) - assault x2
	01431N01093(milwaukee police) - fraud
	01435N01119(eau claire police) - assault
	01485N01339(milwaukee sheriff) - prostitution
	01531N01508(milwaukee police) - agg assault
	01959N00988(marathon sheriff) - dui
	01972N01114(wausau police) - rape
	02048N01762(new lisbon police) - obstruction
	02088N02165(prescott police) - false reports
	02092N02212(greenfield police) - atm/credit card fruad
	02176N00371(milwaukee sheriff) - dui
	02203N00458(milwaukee police) - dui
	02303N02158(st croix sheriff) - dui
	02340N00430(manitowoc police) - dui
	02387N01082(milwaukee sheriff) - dui
	02485N00371(milwaukee sheriff) - dui
	02489N00387(milwaukee police) - dui
	02548N01136(milwaukee police chief) - dui
	02560N00720(juneau sheriff) - dui
	02626N02065(sauk sheriff) - dui
	02637N02157(grand rapids police) - dui
	02645N01395(milwaukee detective) - alcohol related weapons violations
	02654N01291(madison detective) - dui
	02659N01525(milwaukee police) - dui
	02698N02243(superior police) - assault
	02736N02279(la crosse sheriff) - negligent homicide 16 yo m
	02933N02436(milwaukee police) - impersonation
	03105N02582(milwaukee sheriff) - hit and run
	03201N02670(caledonia police) - assault w/ weapon
	03285N02747(wisconsin dells police) - dui
	03441N02890(milwaukee police) - rape of 19 yo f
	03452N02899(dane sheriff) - disorderly conduct w/ violence
	03617N03052(milwaukee police) - dui
	03620N03055(milwaukee police) - assault
	03625N03058(milwaukee police) - dui
	03626N03059(milwaukee police) - dui
	03630N03060(milwaukee police) - dui
	03631N03061(milwaukee police) - dui
	03633N03063(milwaukee police) - disorderly conduct w/ violence
	03637N03067(milwaukee police) - dui
	03638N03068(milwaukee police) - dui
	03639N03069(milwaukee police) - dui
	03640N03070(milwaukee police) - dui
	03641N03071(milwaukee police) - dui
	03642N03072(milwaukee police) - alohol related weapons violations
	03643N03073(milwaukee police) - dui
	03644N03074(milwaukee police) - dui
	03647N03075(milwaukee police) - dui
	03651N03079(milwaukee police) - dui
	03689N03099(milwaukee police) - dui
	03691N03101(milwaukee police) - dui
	03648N03076(milwaukee police) - assault
	03662N03107(milwaukee police) - assault
	03683N03093(milwaukee police) - disorderly conduct w/ violence
	03690N03100(milwaukee police) - agg sexual assault
	03693N03103(milwaukee police) - dui
	03696N03106(milwaukee police) - dui
	03697N03107(milwaukee polcie) - dui
	03699N03109(milwaukee police) - dui
	03731N03138(superior police) - larceny
	03734N03141(mukwonago police) - false reports
	03795N03200(wheeler police) - rape of 16, 17 yo m
	03802N03206(milwaukee police) - alcohol related weapons violations
	03826N03229(milwaukee police) - profit related weapons violations
	03895N03276(milwaukee police) - dui
	03934N03314(brookfield police) - sexual oppression
	04107N03477(milwaukee police) - narcotics violations
	04265N03551(waukesha sheriff) - rape of 6 yo f, 8 yo m
	04338N03691(outgamie sheriff) - rape of 16 yo f
	04342N03695(milwaukee police) - larceny
	04476N03823(milwaukee police) - assault
	04643N03945(milwaukee police) - disorderly conduct w/ violence
	04818N04097(fond du lac police) - dui
	04881N04158(milwaukee police) - larceny
	04882N04159(milwaukee police) - theft from vehicle
	04883N04160(milwaukee police) - narcotics related larceny
	04944N04210(pewaukee police) - profit motivated, victim is another officer
	04948N04213(saukville police) - arson
	05051N04276(superior police) - agg assault
	05456N04620(minocqua police) - alcohol related weapons violations
	05458N04622(saukville police) - dui
	05618N04736(ashwaubenon dps) - disorderly conduct w/ violence
	05763N04879(fond du lac police) - larceny
	06002N05102(rock sheriff) - child abuse 4 yo f
	06027N05116(manitowoc police) - disorderly conduct w/ violence
	06258N05341(geneva police) - oppression
	06321N05371(milwaukee police) - violence related weapons violations
	06353N05396(milwaukee police) - assault
	06364N05406(milwaukee police) - assault
	06371N05416(milwaukee sheriff)- sexual aasault on 7, 14, 15 yo f, child pornography
	06446N05476(ozaukee sheriff) - larceny
	06467N05487(black river falls) diorederly conduct w/ violence
	06493N05512(birchwood police) - rape
	06568N05575(pratteville police) - narcotics violations
	06583N05584(milwaukee police) - obstruction
	06600N05615(racine police) - rape of 13 yo f
	06683N05673(marion police) - negligent manslaughter, counterfeiting
	06691N05679(wisconsin doj) - shakedowns, narcotics violations
	06708N05698(milwaukee police) - trafficking
	06709N05699(milwaukee police) - trafficking
	06857N05824(rock sheriff) - rape of 18 yo f
	06917N05878(langlade sheriff) - rape of 15, 16, 17, 18, yo f
	06970N05924(delavan police) - obstruction
	07064N06009(horicon police) - alcohol related weapons violations
	07286N06166(milwaukee police) - rape of m by instrumentation x9, sexual oppression
	07295N06167(milwaukee police) - sexual oppression, failure to intervene
	07297N06168(milwaukee police) - sexual oppression, failure to intervene
	07298N06169(milwaukee police) - sexual oppression, failure to intervene
	07416N06258(portage police) - dui
	07517N06337(stanley police) -rape
	07575N06391(west allis police) - rape
	07617N06432(milwaukee police) - theft from vehicle
	07665N06477(milwaukee police) - evidence theft
	07811N06615(milwaukee police) - assault
	08065N06754(milwaukee police) - disorderly conduct w/ violence
	08164N06798(milwaukee police) - narcotics violations
	08175N06800(waukesha sheriff) - dui
	08231N06819(marinette police) - fraud
	08460N06986(wisconsin dells police) - dui
	08471N06996(wauwatosa police) - evidence theft
	08503N07021(mount horeb police) - rape of 14 yo m
	08580N07083(milwaukee police) - intimidation
	08589N07091(waupun police) - burglary
	08765N07193(greenfield police) - oppression
	08794N07220(milwaukee police) - oppression
	08867N07281(la crosse police) - narcotics violations
	08914N07320(milwaukee police) - oppression, assault
	09086N03141(mukwonago police) - robbery
	09248N07611(barron sheriff) - assault
	09255N07617(la crosse police) - disorderly conduct w/ violence
	09269N07629(oak creek police) - dui
	09271N07631(amery police) - dui
	09417N07751(genoa police) - embezzlement
	09428N07763(waukesha police) - shakedowns, evidence theft
	09444N07773(kronenwetter police) - prostitution
	09555N07868(milwaukee police) - dui
	09662N07975(new richmond police) - assault
	09731N08038(dane sheriff) - sexual violence
	09740N08044(campbell police chief) - NO INFORMATION
	09793N08091(milwaukee sheriff) - dui
	09874N08155(waukesha sheriff) - disorderly conduct w/ violence
	09934N08202(janesville police) - assault
	09972N08225(rothschild police) - rape
	10253N08457(waukesha sheriff) - dui
	10288N08490(state police) - dui
	10620N08780(dunn sheriff) - dui
	10621N08781(two rivers police) - dui
	11050N09175(brown sheriff) - embezzlement
	11123N09242(green lake sheriff) - rape of 16 yo f
	11323N09427(sauk prairie police) - narcotics violations
	11380N09481(madison police) - theft from vehicle
	11453N09541(milwaukee police) - rape of 14 yo f
	11510N09594(burlington police) - dui
	11526N09609(delavan police) - agg assault
	11561N09643(capitol police) - evidence theft
	11887N09886(kenosha police) - obstruction
	11914N09910(milwaukee police) - intimidation
	11975N09959(milwaukee police) - rape of 15, 16 yo f
	12088N10058(la crosse police) - dui
	12215N10164(janesville police) - dui
	12216N10165(janesville police) - dui
	12397N10323(milwaukee police) - dui
	12484N10400(manitowoc police) - dui
	12490N10405(milwaukee police) - rape of m
	12521N10436(brown deer police) - agg assault
	12573N10479(milwaukee police) - weapons violations
	12634N10536(clear lake police) - assault
	12660N10405(milwaukee police) - raped, killed prostitute
	12709N10602(milwaukee police) - dui
	12711N10604(milwaukee police) - dui
	12714N10607(kenosha police) - agg assault
	12744N10634(dane sheriff) - larceny/fraud
	12876N10749(state police) - child pornography
	13009N10840(milwaukee police) - dui
	13021N07320(milwaukee police) - agg assault
	13106N10923(shorewood police) - obstruction
	13503N11281(madison police) - dui
	13561N11336(pierce sheriff) - larceny
	13713N11465(milwaukee police) - disorderly conduct w/ sexual violence
	13754N11497(menominee police) - online solicitation of a child
	13889N11595(rome police) - rape of 4 yo f
	14035N11717(marquette university police) - dui
	14201N07975(new richmond police) - vpo
	14236N11875(milwaukee police) - dui
	14237N11875(milwaukee police) - dui
	14306N11936(waukesha sheriff) - NO INFORMATION
	14450N12056(racine police) - child abuse
	14602N12161(milwaukee sheriff) - dui
	14763N12281(dane sheriff) - evidence theft
	14845N12343(milwaukee police) - assault
	14940N12420(burlington police) - rape
	14994N12470(pierce sheriff) - rape of 12 yo f
	15312N12747(milwaukee police) - assault
	15313N12748(st croix sheriff) - dui
	15432N12852(milwaukee police) - assault
	15443N12857(kenosha police) - dui w/ injury
	15444N12858(racine police) - dui w/ injury
	15667N13053(rock sheriff) - assault
	16041N13313(oneida sheriff) - rape
	16042N13314(oneida sheriff) - evidence theft
	16079N13343(milwaukee sheriff) - intimidation of 12 yo f
	16269N13460(state police) - rape of 15 yo f
	16532N13650(mayville police) - counterfeiting, narcotics
	16533N13651(mayville police) - sexual assault 17 yo f
	16591N13698(milwaukee police) - assault
	16616N13721(ashland police) - theft of vehicle
	16892N13931(milwaukee police) - rape
	16924N13950(richland police chief) - sexual assault, hit and run, dui, evidence theft
	17106N14086(madison police) - rape of 15 yo f
	17037N14038(monroe sheriff) - assault
	17350N14259(racine police) - dui
	17385N14274(jefferson sheriff) - burglary w/ violence
	17886N09541(milwaukee police) - rape of 14 yo f
	19081N15586(racine sheriff) - dui
	19254N15699(butler police) - shakedowns, narcotics
	19393N15819(wisconsin rapids police) online solicitation of a child
	19429N15848(bayfield police) - dui
	19746N16085(racine sheriff) - rape, oppression
	19836N16164(sturtevant police) - dui
	20150N01946(monroe sheriff) - larceny x5
	22953N13651(mayville police) - sexual oppression
	
Wyoming
	Michael Hughes(police) - agg assault
	Gabriel Testerman(state police) - sexual assault
	Sean Tatro(police) - sexual torture, rape using stun gun, strangulation
	Michael Matheson(police) - intimidation, obstruction
	Benjamin Jacquot(sheriff) - child assault
	Zachary Miller(police) - animal cruelty
	Christopher Petty(corrections) - child sex crimes
	Ryan Lowry(police) - excessive force
	Michael Quirin(police) - excessive force
	Jay Edward Ostrem(sheriff) - murder
	Stephen Haskell(sheriff) - fraud
	Frank Noeson(corrections) - distribution of child pornography
	Logan Alley(police) - posession of controlled substance
	Jon Ramsay(police) - excessive force, unlawful entry
	Craig Burns(police) - excessive force, unlawful entry
	Samuel keller(chief) - dv
	Robert Garry(corrections) - possession w/ intent
	Jason Gillott(sheriff) - excessive force
	Ryan Lee(sheriff) - excessive force
	Clint Shepherd(corrections) - sex w/ inmate
	James Sutton(corrections) - distribution of child pornography
	Steven Kaczmarek(corrections) - weapons
	01379N01772(campbell captain) - dui
	04361N03712(whp) - profit motivated weapons charges
	04416N03776(gillette police) - narcotics violations
	07603N06418(powell police) - rape
	11583N09664(green river police) - murder of 2 yo m
	12956N10801(casper police) - assault on 14 yo f
	12957N10802(casper police) - assault on 14 yo f
	12995N10827(converse sheriff) - trafficking
	13050N10873(whp) - intimidation
	13073N10873(whp) - vpo, destruction of property
	14265N11899(riverton police) - shoplifting w/ violence
	14714N12244(cheyenne police) - disorderly conduct w/ violence
	16752N13829(jackson police) - assault
	21215N03712(whp) - narcotics violations
	
